src/app/components/dealer/DealerQRModal.tsx(1,33): error TS6133: 'DialogHeader' is declared but its value is never read.
src/app/components/layouts/DashboardLayout.tsx(1,10): error TS1484: 'ReactNode' is a type and must be imported using a type-only import when 'verbatimModuleSyntax' is enabled.
src/app/components/layouts/DashboardLayout.tsx(4,24): error TS6133: 'ShieldCheck' is declared but its value is never read.
src/app/components/ui/sidebar.tsx(5,10): error TS1484: 'VariantProps' is a type and must be imported using a type-only import when 'verbatimModuleSyntax' is enabled.
src/app/hooks/useDealer.ts(2,26): error TS1484: 'StockItem' is a type and must be imported using a type-only import when 'verbatimModuleSyntax' is enabled.
src/app/hooks/useDealer.ts(2,37): error TS1484: 'DealerDashboardStats' is a type and must be imported using a type-only import when 'verbatimModuleSyntax' is enabled.
src/app/hooks/useDealer.ts(2,59): error TS1484: 'VerifyBeneficiaryResponse' is a type and must be imported using a type-only import when 'verbatimModuleSyntax' is enabled.
src/app/hooks/useDealer.ts(2,86): error TS1484: 'DealerHouseholdResponse' is a type and must be imported using a type-only import when 'verbatimModuleSyntax' is enabled.
src/app/hooks/useDealer.ts(2,111): error TS1484: 'DealerDistributionHistoryResponse' is a type and must be imported using a type-only import when 'verbatimModuleSyntax' is enabled.
src/app/hooks/useDealer.ts(2,146): error TS1484: 'DealerProfileResponse' is a type and must be imported using a type-only import when 'verbatimModuleSyntax' is enabled.
src/app/hooks/useDealer.ts(2,169): error TS1484: 'ProfileUpdateRequest' is a type and must be imported using a type-only import when 'verbatimModuleSyntax' is enabled.
src/app/hooks/useDealer.ts(2,191): error TS1484: 'VerifyBeneficiaryRequest' is a type and must be imported using a type-only import when 'verbatimModuleSyntax' is enabled.
src/app/hooks/useDealer.ts(2,191): error TS6133: 'VerifyBeneficiaryRequest' is declared but its value is never read.
src/app/hooks/useDealer.ts(2,217): error TS1484: 'DealerManualDistributionRequest' is a type and must be imported using a type-only import when 'verbatimModuleSyntax' is enabled.
src/app/hooks/useDealer.ts(2,250): error TS1484: 'FamilyMemberInput' is a type and must be imported using a type-only import when 'verbatimModuleSyntax' is enabled.
src/app/hooks/useDealer.ts(2,269): error TS1484: 'StockRequestBody' is a type and must be imported using a type-only import when 'verbatimModuleSyntax' is enabled.
src/app/hooks/useDealer.ts(2,287): error TS1484: 'ChangePasswordRequest' is a type and must be imported using a type-only import when 'verbatimModuleSyntax' is enabled.
src/app/network/RetrofitClient.ts(1159,29): error TS6133: 'dealerId' is declared but its value is never read.
src/app/pages/admin/Beneficiaries.tsx(60,9): error TS6133: 'filters' is declared but its value is never read.
src/app/pages/admin/Reports.tsx(88,42): error TS6133: 'entry' is declared but its value is never read.
src/app/pages/admin/Users.tsx(63,9): error TS2322: Type '{ id: number; name: string; username: string; status: DealerStatus; location: string; isOnline: boolean; }[]' is not assignable to type 'Dealer[]'.
  Type '{ id: number; name: string; username: string; status: DealerStatus; location: string; isOnline: boolean; }' is not assignable to type 'Dealer'.
    Types of property 'id' are incompatible.
      Type 'number' is not assignable to type 'string'.
src/app/pages/admin/Users.tsx(66,21): error TS2339: Property 'username' does not exist on type 'DealerInfo'.
src/app/pages/admin/Users.tsx(67,15): error TS2339: Property 'status' does not exist on type 'DealerInfo'.
src/app/pages/admin/Users.tsx(69,17): error TS2339: Property 'status' does not exist on type 'DealerInfo'.
src/app/pages/dealer/EditProfile.tsx(1,20): error TS6133: 'useEffect' is declared but its value is never read.
src/app/pages/dealer/EditProfile.tsx(12,3): error TS6133: 'UserCircle' is declared but its value is never read.
src/app/pages/dealer/EditProfile.tsx(107,28): error TS7006: Parameter 'v' implicitly has an 'any' type.
src/app/pages/dealer/EditProfile.tsx(122,28): error TS7006: Parameter 'v' implicitly has an 'any' type.
src/app/pages/dealer/EditProfile.tsx(133,28): error TS7006: Parameter 'v' implicitly has an 'any' type.
src/app/pages/dealer/EditProfile.tsx(156,30): error TS7006: Parameter 'v' implicitly has an 'any' type.
src/app/pages/dealer/EditProfile.tsx(157,26): error TS2304: Cannot find name 'City'.
src/app/pages/dealer/EditProfile.tsx(163,30): error TS7006: Parameter 'v' implicitly has an 'any' type.
src/app/pages/dealer/EditProfile.tsx(171,28): error TS7006: Parameter 'v' implicitly has an 'any' type.
src/app/pages/dealer/EditProfile.tsx(182,28): error TS7006: Parameter 'v' implicitly has an 'any' type.
src/app/pages/dealer/EditProfile.tsx(183,24): error TS2304: Cannot find name 'AccountCircle'.
src/app/pages/dealer/EditProfile.tsx(189,28): error TS7006: Parameter 'v' implicitly has an 'any' type.
src/app/pages/dealer/Profile.tsx(13,3): error TS6133: 'ShieldCheck' is declared but its value is never read.
src/app/pages/dealer/Profile.tsx(15,1): error TS6133: 'motion' is declared but its value is never read.
src/app/pages/dealer/Profile.tsx(37,9): error TS6133: 'BackgroundWhite' is declared but its value is never read.
src/app/pages/dealer/Profile.tsx(38,9): error TS6133: 'TextGray' is declared but its value is never read.
src/app/pages/dealer/Profile.tsx(202,120): error TS2304: Cannot find name 'Unit'.
src/app/pages/dealer/Reports.tsx(19,25): error TS6133: 'setSelectedMonth' is declared but its value is never read.
src/app/pages/dealer/ResetPassword.tsx(9,9): error TS6133: 'location' is declared but its value is never read.
src/app/pages/dealer/StockManagement.tsx(8,3): error TS6133: 'Search' is declared but its value is never read.
src/app/pages/dealer/StockManagement.tsx(18,26): error TS1484: 'AdminStockRequest' is a type and must be imported using a type-only import when 'verbatimModuleSyntax' is enabled.
src/app/pages/dealer/StockManagement.tsx(63,47): error TS2345: Argument of type 'AdminStockRequestDto' is not assignable to parameter of type 'AdminStockRequest'.
  Types of property 'id' are incompatible.
    Type 'number' is not assignable to type 'string'.
src/app/pages/dealer/VerifyOTP.tsx(122,23): error TS2322: Type '(el: HTMLInputElement | null) => HTMLInputElement | null' is not assignable to type 'Ref<HTMLInputElement> | undefined'.
  Type '(el: HTMLInputElement | null) => HTMLInputElement | null' is not assignable to type '(instance: HTMLInputElement | null) => void | (() => VoidOrUndefinedOnly)'.
    Type 'HTMLInputElement | null' is not assignable to type 'void | (() => VoidOrUndefinedOnly)'.
      Type 'null' is not assignable to type 'void | (() => VoidOrUndefinedOnly)'.
src/app/pages/Landing.tsx(1,8): error TS6133: 'React' is declared but its value is never read.
src/app/pages/user/Appointments.tsx(4,57): error TS6133: 'Video' is declared but its value is never read.
src/app/pages/user/Consult.tsx(19,26): error TS1484: 'ClinicResponse' is a type and must be imported using a type-only import when 'verbatimModuleSyntax' is enabled.
src/app/pages/user/Consult.tsx(81,8): error TS6133: 'error' is declared but its value is never read.
src/app/pages/user/DailyCheckIn.tsx(41,24): error TS2345: Argument of type 'Response<FamilyMemberResponse[]>' is not assignable to parameter of type 'SetStateAction<FamilyMemberResponse[]>'.
src/app/pages/user/ResetPassword.tsx(9,9): error TS6133: 'location' is declared but its value is never read.
src/app/pages/user/ScanVerification.tsx(4,47): error TS6133: 'XCircle' is declared but its value is never read.
src/app/pages/user/VerifyOTP.tsx(122,23): error TS2322: Type '(el: HTMLInputElement | null) => HTMLInputElement | null' is not assignable to type 'Ref<HTMLInputElement> | undefined'.
  Type '(el: HTMLInputElement | null) => HTMLInputElement | null' is not assignable to type '(instance: HTMLInputElement | null) => void | (() => VoidOrUndefinedOnly)'.
    Type 'HTMLInputElement | null' is not assignable to type 'void | (() => VoidOrUndefinedOnly)'.
      Type 'null' is not assignable to type 'void | (() => VoidOrUndefinedOnly)'.
